// Jest Snapshot v1, https://goo.gl/fbAQLP

exports[`Home snapshot renders Home Component 1`] = `
<section
  className="home-landing__container"
>
  <h1
    className="home-landing__title"
  >
    INDEX MarketPlace
  </h1>
  <ul
    className="home-landing__container-grid"
  >
    <li
      className="product-box__container"
      onClick={[Function]}
    >
      <div
        className="product-box__content-container"
      >
        <div
          className="product-box__content"
        >
          <div
            className="product-box__header-commodity"
          >
            <label
              className="product-box__brand-title"
            >
              cobre
            </label>
            <label
              className="product-box__main-title"
            >
              Precio del Cobre, dólares por libra
            </label>
          </div>
          <div
            className="product-box__content-commodity"
          >
            <label
              className="product-box__price-title"
            >
              2.39
            </label>
            <label
              className="product-box__unit-title"
            >
              / $ - USD
            </label>
          </div>
          <div
            className="product-box__footer-commodity"
          >
            <label
              className="product-box__date-title"
            >
              17/03/2020
            </label>
          </div>
        </div>
      </div>
    </li>
    <li
      className="product-box__container"
      onClick={[Function]}
    >
      <div
        className="product-box__content-container"
      >
        <div
          className="product-box__content"
        >
          <div
            className="product-box__header-commodity"
          >
            <label
              className="product-box__brand-title"
            >
              dolar
            </label>
            <label
              className="product-box__main-title"
            >
              Dólar observado
            </label>
          </div>
          <div
            className="product-box__content-commodity"
          >
            <label
              className="product-box__price-title"
            >
              855.09
            </label>
            <label
              className="product-box__unit-title"
            >
              / $ - CLP
            </label>
          </div>
          <div
            className="product-box__footer-commodity"
          >
            <label
              className="product-box__date-title"
            >
              17/03/2020
            </label>
          </div>
        </div>
      </div>
    </li>
    <li
      className="product-box__container"
      onClick={[Function]}
    >
      <div
        className="product-box__content-container"
      >
        <div
          className="product-box__content"
        >
          <div
            className="product-box__header-commodity"
          >
            <label
              className="product-box__brand-title"
            >
              euro
            </label>
            <label
              className="product-box__main-title"
            >
              Euro
            </label>
          </div>
          <div
            className="product-box__content-commodity"
          >
            <label
              className="product-box__price-title"
            >
              938.42
            </label>
            <label
              className="product-box__unit-title"
            >
              / $ - CLP
            </label>
          </div>
          <div
            className="product-box__footer-commodity"
          >
            <label
              className="product-box__date-title"
            >
              17/03/2020
            </label>
          </div>
        </div>
      </div>
    </li>
    <li
      className="product-box__container"
      onClick={[Function]}
    >
      <div
        className="product-box__content-container"
      >
        <div
          className="product-box__content"
        >
          <div
            className="product-box__header-commodity"
          >
            <label
              className="product-box__brand-title"
            >
              ipc
            </label>
            <label
              className="product-box__main-title"
            >
              Indice de Precios al Consumidor (Var. c/r al período anterior)
            </label>
          </div>
          <div
            className="product-box__content-commodity"
          >
            <label
              className="product-box__price-title"
            >
              1.1
            </label>
            <label
              className="product-box__unit-title"
            >
              / % - 
            </label>
          </div>
          <div
            className="product-box__footer-commodity"
          >
            <label
              className="product-box__date-title"
            >
              31/12/2019
            </label>
          </div>
        </div>
      </div>
    </li>
    <li
      className="product-box__container"
      onClick={[Function]}
    >
      <div
        className="product-box__content-container"
      >
        <div
          className="product-box__content"
        >
          <div
            className="product-box__header-commodity"
          >
            <label
              className="product-box__brand-title"
            >
              ivp
            </label>
            <label
              className="product-box__main-title"
            >
              Indice de valor promedio
            </label>
          </div>
          <div
            className="product-box__content-commodity"
          >
            <label
              className="product-box__price-title"
            >
              29706.22
            </label>
            <label
              className="product-box__unit-title"
            >
              / $ - CLP
            </label>
          </div>
          <div
            className="product-box__footer-commodity"
          >
            <label
              className="product-box__date-title"
            >
              08/04/2020
            </label>
          </div>
        </div>
      </div>
    </li>
    <li
      className="product-box__container"
      onClick={[Function]}
    >
      <div
        className="product-box__content-container"
      >
        <div
          className="product-box__content"
        >
          <div
            className="product-box__header-commodity"
          >
            <label
              className="product-box__brand-title"
            >
              oro
            </label>
            <label
              className="product-box__main-title"
            >
              Precio del Oro, dólares por onza
            </label>
          </div>
          <div
            className="product-box__content-commodity"
          >
            <label
              className="product-box__price-title"
            >
              1473.2
            </label>
            <label
              className="product-box__unit-title"
            >
              / $ - USD
            </label>
          </div>
          <div
            className="product-box__footer-commodity"
          >
            <label
              className="product-box__date-title"
            >
              18/03/2020
            </label>
          </div>
        </div>
      </div>
    </li>
    <li
      className="product-box__container"
      onClick={[Function]}
    >
      <div
        className="product-box__content-container"
      >
        <div
          className="product-box__content"
        >
          <div
            className="product-box__header-commodity"
          >
            <label
              className="product-box__brand-title"
            >
              plata
            </label>
            <label
              className="product-box__main-title"
            >
              Precio de la Plata, dólares por onza
            </label>
          </div>
          <div
            className="product-box__content-commodity"
          >
            <label
              className="product-box__price-title"
            >
              11.69
            </label>
            <label
              className="product-box__unit-title"
            >
              / $ - USD
            </label>
          </div>
          <div
            className="product-box__footer-commodity"
          >
            <label
              className="product-box__date-title"
            >
              18/03/2020
            </label>
          </div>
        </div>
      </div>
    </li>
    <li
      className="product-box__container"
      onClick={[Function]}
    >
      <div
        className="product-box__content-container"
      >
        <div
          className="product-box__content"
        >
          <div
            className="product-box__header-commodity"
          >
            <label
              className="product-box__brand-title"
            >
              uf
            </label>
            <label
              className="product-box__main-title"
            >
              Unidad de fomento
            </label>
          </div>
          <div
            className="product-box__content-commodity"
          >
            <label
              className="product-box__price-title"
            >
              28630.63
            </label>
            <label
              className="product-box__unit-title"
            >
              / $ - CLP
            </label>
          </div>
          <div
            className="product-box__footer-commodity"
          >
            <label
              className="product-box__date-title"
            >
              08/04/2020
            </label>
          </div>
        </div>
      </div>
    </li>
    <li
      className="product-box__container"
      onClick={[Function]}
    >
      <div
        className="product-box__content-container"
      >
        <div
          className="product-box__content"
        >
          <div
            className="product-box__header-commodity"
          >
            <label
              className="product-box__brand-title"
            >
              utm
            </label>
            <label
              className="product-box__main-title"
            >
              Unidad tributaria mensual
            </label>
          </div>
          <div
            className="product-box__content-commodity"
          >
            <label
              className="product-box__price-title"
            >
              50021
            </label>
            <label
              className="product-box__unit-title"
            >
              / $ - CLP
            </label>
          </div>
          <div
            className="product-box__footer-commodity"
          >
            <label
              className="product-box__date-title"
            >
              29/02/2020
            </label>
          </div>
        </div>
      </div>
    </li>
  </ul>
</section>
`;
